1	3062915	GTTT	G	1,2,3,4	4	0/1	GTTT/G	0/1	GTTT/G
1	3062915	G	C,T	1,2,3,4	4	0/1	G/C	0/2	G/T
1	3062915	GTT	G	1,2,3,4	4	0/1	GTT/G	0/1	GTT/G
1	3106154	CAAA	C	.	0	.	.	./.	./.
1	3106154	C	CT	.	4	0/1	C/CT	0/1	C/CT
1	3157410	G	T	.	4	1/1	T/T	1/1	T/T
1	3162006	GAA	G	.	4	0/1	GAA/G	0/1	GAA/G
1	3177144	G	.	.	4	0/0	G/G	0/0	G/G
1	3184885	TAAAA	TA,T	.	4	1/2	TA/T	1/2	TA/T
2	3199812	G	GTT,GT	.	4	1/2	GTT/GT	1/2	GTT/GT
3	3212016	CTT	C,CT	.	4	1/2	C/CT	1/2	C/CT
4	3258448	TACACACAC	T	.	4	0/1	TACACACAC/T	0/1	TACACACAC/T
