@HD	VN:1.4	SO:coordinate
@RG	ID:1	PL:ILLUMINA	PU:130410_HS18_09653_A_C1JT2ACXX_4	LB:7053878	DT:2013-04-10T00:00:00+0100	SM:ERS225193	CN:SC
@SQ	SN:CHROMOSOME_I	LN:1009800	M5:8ede36131e0dbf3417807e48f77f3ebd	UR:/
@SQ	SN:CHROMOSOME_II	LN:5000	M5:8e7993f7a93158587ee897d7287948ec	UR:/
@SQ	SN:CHROMOSOME_III	LN:5000	M5:3adcb065e1cf74fafdbba1e8c352b323	UR:/
@SQ	SN:CHROMOSOME_IV	LN:5000	M5:251af66a69ee589c9f3757340ec2de6f	UR:/
@SQ	SN:CHROMOSOME_V	LN:5000	M5:cf200a65fb754836dcc56b24b3170ee8	UR:/
@SQ	SN:CHROMOSOME_X	LN:5000	M5:6f9368fd2192c89c613718399d2d31fc	UR:/
@SQ	SN:CHROMOSOME_MtDNA	LN:5000	M5:cd05857ece6411f40257a565ccfe15bb	UR:/
@PG	ID:scramble	PN:scramble	VN:1.14.7	CL:scramble -M -I sam -s 50 -r /tmp/ce.fa - /tmp/ERR304769_subset.cram 
HS18_09653:4:2112:13048:11874	99	CHROMOSOME_II	2976	60	100M	=	3206	330	CTCAAGCTAATAGAGTATGGACAATTGTGAACGGAGAGGTTCAATGGAAGACTCCACCGCGGTAAGTGTGTTTCTTTAAAAATTACTTCCTTTTTTCAAT	DCEFDEGGFFGGGGGGFGGGGGGHDGHI?FGGGJGGHHGECGIH?HFGEHGHHGHEHHHHGHGGGGCGHHGHGHFGGGGHHGHGGGGIIGGGIGHHHG:G	X0:i:1	X1:i:0	BC:Z:GTGTGCGG	XG:i:0	AM:i:37	SM:i:37	XM:i:0	XO:i:0	QT:Z::=+4AD04	XT:A:U	MD:Z:100	NM:i:0	RG:Z:1
HS18_09653:4:1204:2530:59238	83	CHROMOSOME_IV	1422	0	100M	=	922	-600	ATCCGTTTGATGAGGAAGAGGAAGAAGAATCACAGTTTGGAGGGGGAACTCTGTCCGGTAGAGACCCATTTGATGAAGATGTACGTTTTTCGTAAAGTTC	GHCFGHFFFGGCCFHGGFG<HFGBHCEGC@FEGHGF=AFGFFFEFBG:HGHGGCHGFFDH>HEHGBJGGGGFGHFFH?@GHHEGGFAGE@BEGGFBDE?F	X0:i:2	X1:i:0	XA:Z:CHROMOSOME_IV,+46358,100M,0;	BC:Z:GTNTGCNG	XG:i:0	AM:i:0	SM:i:0	XM:i:0	XO:i:0	QT:Z:<<!2@@!4	XT:A:R	MD:Z:100	NM:i:0	RG:Z:1
HS18_09653:4:1303:14310:57578	83	CHROMOSOME_IV	1483	0	100M	=	988	-595	AGACCCATTTGATGAAGATGTACGTTTTTCGTAAAGTTCGGAATTTTTAGGGTATAAATTGAAAAACAAATGGAGAAAATATGAATACCTAGATTTTTTT	IBGHDCGFGGFIIEHGGFGHHFGGGGGGGDFHGFHGDEFDHFGHFGGHHGEIGFHFHFGIHEHHGGFGEGFGGHEIHEGGGFGGGDAGGGGGGGFDFECD	X0:i:2	X1:i:0	XA:Z:CHROMOSOME_IV,-1483,100M,0;	BC:Z:GTGTGCNG	XG:i:0	AM:i:0	SM:i:0	XM:i:0	XO:i:0	QT:Z:==+2@A!4	XT:A:R	MD:Z:100	NM:i:0	RG:Z:1
HS18_09653:4:2112:13048:11874	99	CHROMOSOME_II	2976	60	100M	=	3206	330	CTCAAGCTAATAGAGTATGGACAATTGTGAACGGAGAGGTTCAATGGAAGACTCCACCGCGGTAAGTGTGTTTCTTTAAAAATTACTTCCTTTTTTCAAT	DCEFDEGGFFGGGGGGFGGGGGGHDGHI?FGGGJGGHHGECGIH?HFGEHGHHGHEHHHHGHGGGGCGHHGHGHFGGGGHHGHGGGGIIGGGIGHHHG:G	X0:i:1	X1:i:0	BC:Z:GTGTGCGG	XG:i:0	AM:i:37	SM:i:37	XM:i:0	XO:i:0	QT:Z::=+4AD04	XT:A:U	MD:Z:100	NM:i:0	RG:Z:1
HS18_09653:4:1315:19857:61712	145	CHROMOSOME_I	914	23	78M1D22M	CHROMOSOME_V	1104758	0	AGCTAGGGCACTTTTTGTCTGCCCAAATATAGGCAACCAAAAATAATTTCCAAGTTTTTAATGATTTGTTGCATATTGAAAAAACATTTTTTGGGTTTTT	GGGFGHFDFG@IHG?DFGBFCGGHEEEHFFFGFCFFHIHGCHGHHIGIFHIGFHHIDH=GFADFGHHIHGEGIDGFFDGEGHFHFGFEEGFFFFEDDD<?	X0:i:1	X1:i:1	XA:Z:CHROMOSOME_X,-295167,78M1D22M,4;	XG:i:1	AM:i:0	SM:i:23	XM:i:2	XO:i:1	XT:A:U	MD:Z:48G29^A13C8	NM:i:3	RG:Z:1
HS18_09653:4:1308:11522:27107	161	CHROMOSOME_I	934	0	58M1D42M	CHROMOSOME_V	1104711	0	GCCCAAATATAGGCAACCAAAAATAATTTCCAAGTTTTTAATGATTTGTTGCATATTGAAAAAACATTTTTTGGGTTTTTTGAAATGAATATCATAGCTA	>CDDGEEFFFDHFFGDIJHEIJDGFFFIEIGIFFFFHGHFGF?BHHGGGGFGIGGHHGGFGHGFFIHGGHHEEHEDGHJHGGHBGGGFFGGEHHFHFGGG	X0:i:2	X1:i:11	XG:i:1	AM:i:0	SM:i:0	XM:i:3	XO:i:1	XT:A:R	MD:Z:28G29^A13C21G6	NM:i:4	RG:Z:1
HS18_09653:4:2314:14991:85680	83	CHROMOSOME_I	1020	10	28M72S	=	853	-195	TGAATATCATAGCTATAGAAACGGTAGTATTTTACTCTCTGTGGCTTCACAGTATATTTTACTCTCTGTGGCTTCACAGTATTTTTTACTCTCTGTGGCT	GGCFGHHGGGDHHGEGGHGH;FGGEGEGHFHHFBHBFGCJEHD<3BGH;GEGHFEGIFEIEFFHGG8GIEFFDHFIHFFGEHBFGDGGEGBFG5GEECCD	BC:Z:GTNTGCAG	XG:i:0	AM:i:10	SM:i:10	XM:i:3	XO:i:0	QT:Z:==!2@A+4	XT:A:M	MD:Z:8G6C9T2	NM:i:3	RG:Z:1
