fwd position chksum: 1125066
bwd position chksum: 1125066
fwd PL chksum: 0
bwd PL chksum: 0
