0	A
1	G
2	C
3	T
4	C
5	T
6	C	C+m102
7	C
8	A
9	G
10	A
11	G
12	T
13	C
14	G
15	N	N+n212
16	A
17	C	C+m128
18	G
19	C	C+(76792)161
20	C	C+m153
21	A
22	T
23	Y
24	C
25	G
26	C
27	G
28	C
29	G
30	C
31	C	C+m179
32	A
33	C
34	C	C+m204 C+(76792)33
35	A
---
Present: m. #-76792. n.
6	C	C+m102
15	N	N+n212
17	C	C+m128
19	C	C+(76792)161
20	C	C+m153
31	C	C+m179
34	C	C+m204 C+(76792)33

===

