0	A
1	G	G-m115
2	G
3	A
4	T
5	C
6	T
7	C	C+m128
8	T
9	A
10	G
11	C
12	G	G-m141
13	G	G-m166 G+o102
14	A
15	T
16	C
17	G
18	G
19	C
20	G
21	G
22	G	G-m192
23	G
24	G
25	A
26	T
27	A
28	T
29	G
30	C	C+m153
31	C	C+m179
32	A
33	T
34	A
35	T
---
Present: m. m. o.
1	G	G-m115
7	C	C+m128
12	G	G-m141
13	G	G-m166 G+o102
22	G	G-m192
30	C	C+m153
31	C	C+m179

===

