c1	1	9	^!A^!A^!A^!A^!A^!A^!A^!A^!A	~~~~~~~~~
c1	2	9	AAAAAAAAA-3()	~~~~~~~~~
c1	3	9	CCCCCCCC*	~~~~~~~~~
c1	4	9	CCCCCCCC-1()*	~~~~~~~~~
c1	5	9	GGGG+6(GTTAAC)G+6(*TTAA*)G+6(GTT***)G+6(***AAC)*+6(**TA**)-1()*+6(GTTAAC)-3()	~~~~~~~~~
c1	6	9	CCCCCCC**	~~~~~~~~~
c1	7	9	GGGGGGGG*	~~~~~~~~~
c1	8	9	GGGGGGGG*	~~~~~~~~~
c1	9	9	TTTTTTTTT	~~~~~~~~~
c1	10	9	T$T$T$T$T$T$T$T$T$	~~~~~~~~~
