c1	6	11	^!C^!C^!C^!C^!C^!C^!C^!C^!*^!*^!*	~~~~~~~~~~~
c1	7	11	GGGGGGGGG*G	~~~~~~~~~~~
c1	8	11	GGGGGGGGG*G	~~~~~~~~~~~
c1	9	11	TTTTTTTTTTT	~~~~~~~~~~~
c1	10	11	T$T$T$T$T$T$T$T$T$T$T$	~~~~~~~~~~~
