c1	1	12	^!A^!A^!A^!A^!A^!A^!A^!A^!A^!A^!A^!*	~~~~~~~~~~~~
c1	2	12	AAAAAAAAAA-3()A*	~~~~~~~~~~~~
c1	3	12	CCCCCCCCC*C*	~~~~~~~~~~~~
c1	4	12	CCCCCCCCC-1()*C-2()*	~~~~~~~~~~~~
c1	5	13	GGGGG+6(GTTAAC)G+6(*TTAA*)G+6(GTT***)G+6(***AAC)*+6(**TA**)-1()*+6(GTTAAC)-3()**+6(**TA**)-5()^!G+6(**TA**)$	~~~~~~~~~~~~~
c1	6	12	CCCCCCCC****	~~~~~~~~~~~~
c1	7	12	GGGGGGGGG*G*	~~~~~~~~~~~~
c1	8	12	GGGGGGGGG*G*	~~~~~~~~~~~~
c1	9	12	TTTTTTTTTTT*	~~~~~~~~~~~~
c1	10	12	T$T$T$T$T$T$T$T$T$T$T$*$	~~~~~~~~~~~~
