z	2	5	^!A^!A^!A^!*^!*	000AB
z	3	5	GGG*+2(AA)*+2(*A)	111AB
z	4	5	CCCCC	22222
z	5	5	TTTTT	33333
z	6	5	TTTTT	44444
z	7	5	AAAAA	55555
z	8	5	G-2()G-2()G-2()GG	66666
z	9	5	***CC	AAB77
z	10	5	*+2(TT)*+2(TT)$*+2(*T)$AA	AAB88
z	11	3	GGG	999
z	12	3	GG$G$	000
z	13	1	C$	1
