z	2	3	^!A^!A^!*	002
z	3	3	GG*	112
z	4	3	CCC	222
z	5	3	TT-3()T	333
z	6	3	T*T	474
z	7	3	A*A	575
z	8	3	G*G	676
z	9	3	CCC	777
z	10	3	AAA-2()	888
z	11	3	GG*	99~
z	12	3	G$G$*$	00~
