z	2	3	^!A^!A^!A	000
z	3	3	GGG	111
z	4	5	CCC^!*^!*	22244
z	5	5	TTT**	33344
z	6	5	TTTTT	44444
z	7	5	AAAAA	55555
z	8	5	G+2(TT)-2()G+2(TT)-2()G+2(T*)-2()GG	66666
z	9	5	***CC	9~~77
z	10	5	**$*$AA	9~~88
z	11	3	GGG	999
z	12	3	GG$G$	000
z	13	1	C$	1
