z	1	6	^!T^!T^!T^!T^!T^!T	AAAAAA
z	2	6	AAAAAA	BBBBBB
z	3	6	GGGGGG	CCCCCC
z	4	6	C+2(AA)-5()C+2(A*)-5()C+2(*A)-5()C+2(AA)C+2(A*)C+2(*A)	DDDDDD
z	5	6	***>>>	GHGGHG
z	6	6	***>>>	GHGGHG
z	7	6	***>>>	GHGGHG
z	8	6	***>>>	GHGGHG
z	9	6	*+2(TT)*+2(*T)*+2(T*)>+2(TT)>+2(*T)>+2(T*)	GHGGHG
z	10	6	AAAAAA	IIIIII
z	11	6	GGGGGG	JJJJJJ
z	12	6	GGGGGG	KKKKKK
z	13	6	T$T$T$T$T$T$	LLLLLL
