1	100003	2	^+T^St	{!
1	100004	2	A-5()a	{!
1	100005	2	*a	{!
1	100006	2	*g	{!
1	100007	2	*c	{!
1	100008	2	*a	{!
1	100009	2	*c	{!
1	100010	2	Aa	{!
1	100011	2	Cc	{!
1	100012	2	Aa	{!
1	100013	2	Gg	{!
1	100014	2	A$a$	{!
