1	100003	2	^St^+T	{!
1	100004	2	aA-5()	{!
1	100005	2	a*	N!
1	100006	2	g*	N!
1	100007	2	c*	N!
1	100008	2	a*	N!
1	100009	2	c*	N!
1	100010	2	aA	{!
1	100011	2	cC	{!
1	100012	2	aA	{!
1	100013	2	gG	{!
1	100014	2	a$A$	{!
