z	2	5	^!A^!A^!A^!A^!A	00000
z	3	5	GGGGG	11111
z	4	5	CCCCC	22222
z	5	5	TTTTT	33333
z	6	5	TT+4(GGCC)T+4(GG**)T+4(*GC*)T+4(**CC)	44444
z	7	5	AAAAA	55555
z	8	5	GGGGG	66666
z	9	5	CCCCC	77777
z	10	5	AAAAA	88888
z	11	5	G$G$G$G$G$	99999
