2	1	1	^]T	A
2	2	1	G	E
2	3	1	G	D
2	4	1	A	@
2	5	1	G	?
2	6	1	A	?
2	7	1	G	E
2	8	1	C	C
2	9	1	A	B
2	10	1	C	J
2	11	1	A	B
2	12	1	T	C
2	13	1	A	A
2	14	1	A	D
2	15	1	C	J
2	16	1	T	A
2	17	1	T	A
2	18	1	G	J
2	19	1	G	I
2	20	1	G	D
2	21	1	T	@
2	22	1	G	I
2	23	1	A	<
2	24	1	G	J
2	25	1	A	A
2	26	1	T	<
2	27	1	G	I
2	28	1	A	?
2	29	1	T	@
2	30	1	G	K
2	31	2	A^]A	BA
2	32	2	AA	E<
2	33	2	AA	E@
2	34	2	TT	A@
2	35	2	GG	KF
2	36	2	AA	C;
2	37	2	GG	K?
2	38	2	CC	HF
2	39	2	AA	DA
2	40	2	CC	J=
2	41	2	TT	FE
2	42	2	GG	II
2	43	2	GG	K;
2	44	2	CC	I=
2	45	2	TT	GE
2	46	2	TT	CA
2	47	2	TT	AB
2	48	2	GG	1H
2	49	2	GG	:9
2	50	2	AA	=9
2	51	2	GG	FJ
2	52	2	TT	AA
2	53	2	CC	HH
2	54	2	AA	CC
2	55	2	CC	HG
2	56	2	AA	C@
2	57	2	CC	HE
2	58	2	AA	D>
2	59	2	GG	AI
2	60	2	AA	A@
2	61	2	CC	IG
2	62	2	CC	7(
2	63	2	AA	<C
2	64	3	GG^]g	!;a
2	65	3	GGg	!&k
2	66	3	GGg	!&^
2	67	4	TTt^]t	!!`:
2	68	4	CCcc	!!f[
2	69	4	CCcc	!!mU
2	70	4	AAaa	!!ba
2	71	4	GGgg	!!UZ
2	72	4	GGgg	!!RC
2	73	4	CCcc	!!YF
2	74	4	GGgg	!!`L
2	75	4	C$Ccc	!!fZ
2	76	3	Ccc	!IQ
2	77	3	Ttt	!B^
2	78	3	Agg	!D1
2	79	3	Ttt	!;>
2	80	3	Aat	!3)
2	81	3	Ccc	!HU
2	82	3	Ccc	!JP
2	83	3	Aaa	!@Z
2	84	3	Ttt	!3S
2	85	3	Aaa	!@T
2	86	3	Aaa	!=S
2	87	3	Ccc	!HI
2	88	3	Acc	!F9
2	89	3	Ccc	!EY
2	90	3	Ttt	!<]
2	91	3	Ccc	!5N
2	92	3	Tgt	!-N
2	93	3	Aaa	!C_
2	94	3	Ggg	!CT
2	95	3	Ttt	!<R
2	96	3	Ggg	!Ic
2	97	3	Ggg	!G[
2	98	3	Ttt	!<U
2	99	3	Ggg	!GZ
2	100	3	Ttt	!:_
2	101	3	Ggg	!I\
2	102	3	Ggg	!HJ
2	103	3	Ccc	!DX
2	104	3	Ggg	!IK
2	105	3	G$gg	!KF
2	106	2	aa	B3
2	107	2	aa	A2
2	108	2	cc	D&
2	109	2	cc	D>
2	110	2	tt	B>
2	111	2	cc	JD
2	112	2	tt	B@
2	113	2	cc	K;
2	114	2	aa	?C
2	115	2	gg	B=
2	116	2	aa	?8
2	117	2	cc	J&
2	118	2	cc	AF
2	119	2	tt	B@
2	120	2	cc	J:
2	121	2	cc	J>
2	122	2	cc	IF
2	123	2	aa	DC
2	124	2	gg	H@
2	125	2	cc	I7
2	126	2	cc	IG
2	127	2	aa	C7
2	128	2	gg	BB
2	129	2	aa	>7
2	130	2	aa	<>
2	131	2	aa	C>
2	132	2	gg	F6
2	133	2	gg	F,
2	134	2	ag	>0
2	135	2	aa	??
2	136	2	tt	??
2	137	2	cc	EB
2	138	2	t$t$	?>
2	495	1	^Ft	E
2	496	1	t	E
2	497	1	t	D
2	498	1	g	J
2	499	1	g	L
2	500	1	c	N
2	501	1	a	D
2	502	1	a	D
2	503	1	t	F
2	504	1	t	F
2	505	1	t	C
2	506	1	a	B
2	507	1	c	N
2	508	1	a	B
2	509	1	c	N
2	510	1	t	D
2	511	1	g	L
2	512	1	t	D
2	513	1	g	L
2	514	1	t	F
2	515	1	t	B
2	516	1	a	D
2	517	1	t	C
2	518	1	a	G
2	519	1	g	J
2	520	1	c	M
2	521	1	a	C
2	522	1	a	C
2	523	1	t	B
2	524	1	a	C
2	525	1	t	B
2	526	1	a	H
2	527	1	g	L
2	528	1	t	D
2	529	1	g	M
2	530	1	a	D
2	531	1	a	D
2	532	1	a	D
2	533	1	a	H
2	534	1	g	J
2	535	1	g	J
2	536	1	g	L
2	537	1	t	D
2	538	1	g	M
2	539	1	a	C
2	540	1	t	C
2	541	1	c	M
2	542	1	a	C
2	543	1	t	D
2	544	1	t	A
2	545	1	a	@
2	546	1	c	L
2	547	1	c	M
2	548	1	t	C
2	549	1	c	M
2	550	1	a	C
2	551	1	a	G
2	552	1	g	K
2	553	1	a	@
2	554	1	c	M
2	555	1	t	C
2	556	1	g	K
2	557	1	t	E
2	558	1	t	B
2	559	1	c	K
2	560	1	a	@
2	561	1	c	K
2	562	1	a	A
2	563	1	a	A
2	564	1	a	@
2	565	1	c	I
2	566	1	a	?
2	567	1	c	I
2	568	1	a	>
2	569	1	t$	@
2	648	1	^gA	?
2	649	1	C	F
2	650	1	G	0
2	651	1	C	D
2	652	1	A	<
2	653	1	C	<
2	654	1	C	G
2	655	1	C	>
2	656	1	T	D
2	657	1	C	H
2	658	1	T	@
2	659	1	A	A
2	660	1	T	>
2	661	1	C	E
2	662	1	C	:
2	663	1	C	=
2	664	1	C	H
2	665	1	A	A
2	666	1	C	F
2	667	1	A	C
2	668	1	T	<
2	669	1	A	?
2	670	1	A	@
2	671	1	A	?
2	672	1	T	/
2	673	1	C	:
2	674	1	T	@
2	675	1	A	+
2	676	1	T	>
2	677	1	A	?
2	678	1	C	D
2	679	1	A	B
2	680	1	A	@
2	681	1	C	5
2	682	2	A^>a	<?
2	683	2	Cc	CE
2	684	2	Tt	DA
2	685	2	Cc	HF
2	686	2	Aa	B>
2	687	2	Cc	GH
2	688	2	Cc	2H
2	689	2	Cc	:F
2	690	2	Tt	E?
2	691	2	Cc	GG
2	692	2	Tt	C@
2	693	2	Aa	+?
2	694	2	Cc	=G
2	695	2	Aa	B@
2	696	2	Cc	FH
2	697	2	Cc	<K
2	698	2	Cc	BJ
2	699	2	Aa	?@
2	700	2	Cc	>J
2	701	2	Aa	AA
2	702	2	Tt	??
2	703	2	Aa	3A
2	704	2	Cc	CM
2	705	2	Aa	CC
2	706	2	Tt	BB
2	707	2	Cc	HL
2	708	2	Tt	EB
2	709	2	Aa	=C
2	710	2	Tt	??
2	711	2	Aa	@A
2	712	2	Cc	CK
2	713	2	Aa	=C
2	714	2	Aa	;A
2	715	2	Cc	>K
2	716	2	Aa	@@
2	717	2	Cc	5B
2	718	2	Gg	8I
2	719	2	C$c	(G
2	720	1	a	=
2	721	1	c	J
2	722	1	c	K
2	723	1	c	J
2	724	1	t	A
2	725	1	c	H
2	726	1	t	>
2	727	1	a	?
2	728	1	c	J
2	729	1	c	L
2	730	1	c	J
2	731	1	c	L
2	732	1	a	@
2	733	1	c	L
2	734	1	a	B
2	735	1	t	A
2	736	1	a	?
2	737	1	c	C
2	738	1	g	J
2	739	1	t	B
2	740	1	c	I
2	741	1	t	@
2	742	1	a	@
2	743	1	c	J
2	744	1	a	@
2	745	1	c	I
2	746	1	a	B
2	747	1	a	@
2	748	1	c	K
2	749	1	a	@
2	750	1	t	B
2	751	1	g	H
2	752	1	c	H
2	753	1	a	>
2	754	1	c	B
2	755	1	g	F
2	756	1	c$	?
